// Jest Snapshot v1, https://goo.gl/fbAQLP

exports[`keyed does not leak hooks 1`] = `"<ul><li><div><span>1</span><span>2</span><span>3</span></div></li><li><!----></li><li><!----></li></ul>"`;

exports[`keyed does not leak hooks 2`] = `"<ul><li><!----></li><li><div><span>1</span><span>2</span><span>3</span></div></li><li><!----></li></ul>"`;

exports[`keyed does not leak hooks 3`] = `"<ul><li><!----></li><li><div><span>1</span><span>2</span><span>3</span></div></li><li><!----></li></ul>"`;

exports[`keyed does not leak hooks 4`] = `"<ul><li><!----></li><li><div><span>1</span><span>2</span><span>3</span></div></li><li><!----></li></ul>"`;

exports[`keyed inherit keys 1`] = `"<li>1</li><li>2</li><li>3</li>"`;

exports[`keyed inherit keys 2`] = `"<li>0</li><li>1</li><li>2</li><li>3</li>"`;
