// Jest Snapshot v1, https://goo.gl/fbAQLP

exports[`all quirky cases 2 keyed removed and added again 1`] = `"<!---->"`;

exports[`all quirky cases 2 keyed removed and added again 2`] = `"<p>a</p><p>b</p><p>c</p><p>d</p><p>e</p>"`;

exports[`all quirky cases 2 keyed removed and added again 3`] = `"<p>a</p><p>f</p><p>b</p><p>c</p>"`;

exports[`all quirky cases keyed removed and added again 1`] = `"<!---->"`;

exports[`all quirky cases keyed removed and added again 2`] = `"<p>a</p><p>b</p><p>c</p><p>d</p>"`;

exports[`all quirky cases keyed removed and added again 3`] = `"<p>a</p><p>c</p>"`;

exports[`all quirky cases keyed removed and added again 4`] = `"<p>a</p><p>b</p><p>c</p><p>d</p><p>e</p>"`;

exports[`all quirky cases keyed removed and added again 5`] = `"<p>d</p><p>e</p>"`;

exports[`all quirky cases keyed removed and added again 6`] = `"<p>e</p><p>b</p><p>c</p>"`;

exports[`all quirky cases keyed removed and added again 7`] = `"<p>d</p><p>c</p><p>e</p>"`;

exports[`all quirky cases less then many then less 1`] = `"<p>0</p><p>2</p><p>4</p><p>1</p><p>3</p>"`;

exports[`all quirky cases less then many then less 2`] = `"<p>0</p><p>2</p><p>4</p><p>6</p><p>8</p><p>1</p><p>3</p><p>5</p><p>7</p><p>9</p>"`;

exports[`all quirky cases less then many then less 3`] = `"<p>0</p><p>2</p><p>1</p><p>3</p>"`;

exports[`all quirky cases less then many then less 4`] = `"<p>0</p><p>2</p><p>4</p><p>6</p><p>8</p><p>1</p><p>3</p><p>5</p><p>7</p><p>9</p>"`;

exports[`all quirky cases pass component in props 1`] = `"<p>0 hello</p>"`;

exports[`all quirky cases render children at same position properly 1`] = `"<div>hello 1</div>"`;

exports[`all quirky cases render children at same position properly 2`] = `"<div>hello 2</div>"`;

exports[`all quirky cases render children at same position properly 3`] = `"<div>hello 3</div>"`;

exports[`all quirky cases renders input elements correctly 1`] = `"<input type=\\"range\\" min=\\"5\\" max=\\"10\\"><input type=\\"number\\" min=\\"5\\" max=\\"10\\">"`;

exports[`all render arrays fragments 1`] = `"<ul><li>a</li><li>b</li><li>c</li></ul>"`;

exports[`all render arrays renders 1`] = `"<ul><li>a</li><li>b</li><li>c</li></ul>"`;

exports[`all render arrays reorders 1`] = `"<ul><li>a</li><li>b</li><li>c</li></ul>"`;

exports[`all render arrays reorders 2`] = `"<ul><li>c</li><li>a</li><li>b</li></ul>"`;

exports[`all render changing children multiple times 1`] = `"<ul><li>a</li><li>b</li><li>c</li></ul>"`;

exports[`all render changing children multiple times 2`] = `"<ul><li>c</li><li>a</li><li>b</li></ul>"`;

exports[`all render changing children multiple times 3`] = `"<ul><li>a</li><li>d</li><li>c</li><li>b</li></ul>"`;

exports[`all render changing children multiple times 4`] = `"<ul><li>d</li><li>b</li></ul>"`;

exports[`all render changing children multiple times 5`] = `"<ul></ul>"`;

exports[`all render complex tree 1`] = `"<div><ul><li><button>some text <span>a</span></button></li><li><button>here too <span>b</span></button></li><li><button><span>c</span> and here</button></li></ul></div>"`;

exports[`all render complex tree 2`] = `"<div><ul><li><button>some text <span>a</span></button></li><li><button><span>c</span> and here</button></li><li><button>hey <span>d</span> yo</button></li><li><button>here too <span>b</span></button></li></ul></div>"`;

exports[`all render component conditional swap ref 1`] = `"<div>hello world</div>"`;

exports[`all render component conditional swap ref 2`] = `"<p>other element</p>"`;

exports[`all render component conditional swap ref 3`] = `"<div>hello world</div>"`;

exports[`all render conditional swap raf 1`] = `"<div>hello world</div>"`;

exports[`all render conditional swap raf 2`] = `"<p>other element</p>"`;

exports[`all render conditional swap raf 3`] = `"<div>hello world</div>"`;

exports[`all render fragment changing fragments within fragments 1`] = `"onehello<div>world</div><span>hey</span>"`;

exports[`all render fragment changing fragments within fragments 2`] = `"hello<div>world</div><span>hey</span>one"`;

exports[`all render fragment changing text 1`] = `"hello world"`;

exports[`all render fragment changing text 2`] = `"another world"`;

exports[`all render fragment fragments within fragments 1`] = `"onehello<div>world</div><span>hey</span>"`;

exports[`all render fragment multiple children 1`] = `"hello<div>world</div><span>hey</span>"`;

exports[`all render fragment simple text 1`] = `"hello world"`;

exports[`all render functions empty fragment 1`] = `"<!---->"`;

exports[`all render functions pass props 1`] = `"answer is <b>42</b>"`;

exports[`all render functions simple text 1`] = `"hello world"`;

exports[`all render functions with children 1`] = `"hello world"`;

exports[`all render hooks changes deeply element 1`] = `"<main><div>0</div></main>"`;

exports[`all render hooks changes deeply element 2`] = `"<main><div>1</div></main>"`;

exports[`all render hooks changes deeply with children 1`] = `"<main><div><span>the answer is</span> 41</div></main>"`;

exports[`all render hooks changes deeply with children 2`] = `"<main><div><span>the answer is</span> 42</div></main>"`;

exports[`all render hooks changes top element 1`] = `"hello0world"`;

exports[`all render hooks changes top element 2`] = `"hello<div>1</div>world"`;

exports[`all render hooks changes top element 3`] = `"hello2world"`;

exports[`all render hooks changes top element 4`] = `"hello<div>3</div>world"`;

exports[`all render hooks deep they dont leak 1`] = `"0"`;

exports[`all render hooks deep they dont leak 2`] = `"1"`;

exports[`all render hooks deep they dont leak 3`] = `"2"`;

exports[`all render hooks mulitple triggers 1`] = `"0"`;

exports[`all render hooks mulitple triggers 2`] = `"1"`;

exports[`all render hooks mulitple triggers 3`] = `"2"`;

exports[`all render hooks mulitple triggers 4`] = `"3"`;

exports[`all render hooks they dont leak 1`] = `"0"`;

exports[`all render hooks they dont leak 2`] = `"1"`;

exports[`all render hooks they dont leak 3`] = `"2"`;

exports[`all render hooks they dont leak 4`] = `"3"`;

exports[`all render hooks trigger 1`] = `"0"`;

exports[`all render hooks trigger 2`] = `"1"`;

exports[`all render hooks updates only self 1`] = `"hello0world"`;

exports[`all render hooks updates only self 2`] = `"hello1world"`;

exports[`all render hooks updates only self 3`] = `"hello2world"`;

exports[`all render hooks updates only self 4`] = `"hello3world"`;

exports[`all render morph same lane 1`] = `"hellothereworld"`;

exports[`all render morph same lane 2`] = `"hello<div>there</div>world"`;

exports[`all render morphs child text keeping references 1`] = `"<div>hello</div>"`;

exports[`all render morphs child text keeping references 2`] = `"<div>world</div>"`;

exports[`all render morphs div to p 1`] = `"<div></div>"`;

exports[`all render morphs div to p 2`] = `"<p></p>"`;

exports[`all render props create 1`] = `"<div id=\\"foo\\">hello world</div>"`;

exports[`all render props update 1`] = `"<div id=\\"foo\\">hello world</div>"`;

exports[`all render props update 2`] = `"<div id=\\"bar\\">hello world</div>"`;

exports[`all render ref & pass ref 1`] = `"<div>hello world</div>"`;

exports[`all render ref & pass ref 2`] = `"<div>same element</div>"`;

exports[`all render single div 1`] = `"<div></div>"`;

exports[`all render ul multiple children 1`] = `"<ul><li>a</li><li>b</li><li>c</li></ul>"`;

exports[`all render ul multiple children 2`] = `"<ul><li>c</li><li>a</li><li>b</li></ul>"`;

exports[`all render with child text 1`] = `"<div>hello world</div>"`;

exports[`all return same reference add + shuffle 1`] = `"123"`;

exports[`all return same reference add + shuffle 2`] = `"2413"`;

exports[`all return same reference remove + shuffle 1`] = `"1234"`;

exports[`all return same reference remove + shuffle 2`] = `"31"`;

exports[`all return same reference shuffle 1`] = `"123"`;

exports[`all return same reference shuffle 2`] = `"213"`;

exports[`all svg after hook update cached contents 1`] = `"<svg viewBox=\\"0 0 10 10\\"><!----></svg>"`;

exports[`all svg after hook update cached contents 2`] = `"<svg viewBox=\\"0 0 10 10\\"><path d=\\"M 0,20 h100\\" pathLength=\\"100\\"></path><path d=\\"M 0,20 h100\\" pathLength=\\"100\\"></path></svg>"`;

exports[`all svg svg 1`] = `"<svg></svg>"`;

exports[`all svg svg then foreignObject 1`] = `"<svg viewBox=\\"0 0 10 10\\"><path pathLength=\\"90\\"></path><foreignObject><input></foreignObject></svg>"`;

exports[`all svg svg then foreignObject right attribute casing 1`] = `"<svg viewBox=\\"0 0 10 10\\"><path pathLength=\\"90\\"></path><foreignObject><input autofocus=\\"\\"></foreignObject></svg>"`;

exports[`all svg uses correct namespace 1`] = `"<svg viewBox=\\"0 0 10 10\\"></svg>"`;

exports[`all svg uses correct namespace after hook update 1`] = `"<div><svg viewBox=\\"0 0 10 10\\"><path d=\\"M 0,20 h100\\" pathLength=\\"50\\"></path></svg></div>"`;

exports[`all svg uses correct namespace after hook update 2`] = `"<div><svg viewBox=\\"0 0 10 10\\"><path d=\\"M 0,20 h100\\" pathLength=\\"100\\"></path><path d=\\"M 0,20 h100\\" pathLength=\\"100\\"></path></svg></div>"`;
