// Jest Snapshot v1, https://goo.gl/fbAQLP

exports[`render create Element 1`] = `"<div></div>"`;

exports[`render create Element with number child 1`] = `"<div>123</div>"`;

exports[`render create Element with text child 1`] = `"<div>hello</div>"`;

exports[`render create Fragment 1`] = `"hello world"`;

exports[`render create Function 1`] = `"hello"`;

exports[`render create Function returning Function 1`] = `"bar"`;

exports[`render create attribute: id 1`] = `"<div id=\\"foo\\"></div>"`;

exports[`render hook is the same hook 1`] = `"0"`;

exports[`render hook is the same hook 2`] = `"1"`;

exports[`render hook is the same hook 3`] = `"2"`;

exports[`render hook is the same hook 4`] = `"3"`;

exports[`render hook updates 1`] = `"0"`;

exports[`render hook updates 2`] = `"1"`;

exports[`render hook works with nested 1`] = `"<div><p>0</p></div>"`;

exports[`render hook works with nested 2`] = `"<div><p>1</p></div>"`;

exports[`render hook works with nested 3`] = `"<div><p>2</p></div>"`;

exports[`render hook works with nested 4`] = `"<div><p>3</p></div>"`;

exports[`render keyed list change deep 1`] = `"<li><span>1</span><span>1</span><span>1</span></li><li></li><li><span>3</span><span>3</span><span>3</span></li>"`;

exports[`render keyed list change deep 2`] = `"<li></li><li><span>5</span><span>5</span><span>5</span></li><li></li>"`;

exports[`render keyed list create 1`] = `"<li>1</li><li>2</li><li>3</li>"`;

exports[`render keyed list insert 1`] = `"<li>1</li><li>2</li><li>3</li>"`;

exports[`render keyed list insert 2`] = `"<li>0</li><li>1</li><li>2</li><li>3</li>"`;

exports[`render keyed list rearrange 1`] = `"<li>1</li><li>2</li><li>3</li>"`;

exports[`render keyed list rearrange 2`] = `"<li>3</li><li>1</li><li>2</li>"`;

exports[`render keyed list remove 1`] = `"<li>1</li><li>2</li><li>3</li>"`;

exports[`render keyed list remove 2`] = `"<li>1</li><li>3</li>"`;

exports[`render svg svg 1`] = `"<svg></svg>"`;

exports[`render svg svg then foreignObject 1`] = `"<svg viewBox=\\"0 0 10 10\\"><path pathLength=\\"90\\"></path><foreignObject><input autofocus=\\"\\"></foreignObject></svg>"`;

exports[`render svg uses correct namespace 1`] = `"<svg viewBox=\\"0 0 10 10\\"></svg>"`;

exports[`render update Element 1`] = `"<div></div>"`;

exports[`render update Element 2`] = `"<p></p>"`;

exports[`render update Element with number child 1`] = `"<div>123</div>"`;

exports[`render update Element with number child 2`] = `"<div>456</div>"`;

exports[`render update Element with text child 1`] = `"<div>hello</div>"`;

exports[`render update Element with text child 2`] = `"<div>world</div>"`;

exports[`render update Fragment 1`] = `"hello world"`;

exports[`render update Fragment 2`] = `"something else"`;

exports[`render update Function 1`] = `"0"`;

exports[`render update Function 2`] = `"1"`;

exports[`render update Function returning Function 1`] = `"0"`;

exports[`render update Function returning Function 2`] = `"1"`;

exports[`render update only updates what changed 1`] = `"<div><p>0</p></div>"`;

exports[`render update only updates what changed 2`] = `"<div><p>1</p></div>"`;
