// Jest Snapshot v1, https://goo.gl/fbAQLP

exports[`render array render 1`] = `"123"`;

exports[`render children text 1`] = `"<p>foo bar</p>"`;

exports[`render fragment 1`] = `"1"`;

exports[`render function deep fragment: first div then fragment 1`] = `
Array [
  "foo",
  "bar",
]
`;

exports[`render function deep fragment: first div then fragment 2`] = `"<a></a><div>1</div><b></b>"`;

exports[`render function deep fragment: first div then fragment 3`] = `
Array [
  "foo",
  "bar",
  "bar",
]
`;

exports[`render function deep fragment: first div then fragment 4`] = `"<a></a>2<b></b>"`;

exports[`render function deep fragment: first div then fragment 5`] = `
Array [
  "foo",
  "bar",
  "bar",
  "bar",
]
`;

exports[`render function deep fragment: first div then fragment 6`] = `"<a></a>3<b></b>"`;

exports[`render function deep fragment: first fragment then div 1`] = `
Array [
  "foo",
  "bar",
]
`;

exports[`render function deep fragment: first fragment then div 2`] = `"<a></a>1<b></b>"`;

exports[`render function deep fragment: first fragment then div 3`] = `
Array [
  "foo",
  "bar",
  "bar",
]
`;

exports[`render function deep fragment: first fragment then div 4`] = `"<a></a><div>2</div><b></b>"`;

exports[`render function deep fragment: first fragment then div 5`] = `
Array [
  "foo",
  "bar",
  "bar",
  "bar",
]
`;

exports[`render function deep fragment: first fragment then div 6`] = `"<a></a><div>3</div><b></b>"`;

exports[`render function deep fragment: multiple changing children 1`] = `
Array [
  "foo",
  "bar",
]
`;

exports[`render function deep fragment: multiple changing children 2`] = `"<a></a><!----><b></b>"`;

exports[`render function deep fragment: multiple changing children 3`] = `
Array [
  "foo",
  "bar",
  "bar",
]
`;

exports[`render function deep fragment: multiple changing children 4`] = `"<a></a>2<x></x><y></y><b></b>"`;

exports[`render function deep fragment: multiple changing children 5`] = `
Array [
  "foo",
  "bar",
  "bar",
  "bar",
]
`;

exports[`render function deep fragment: multiple changing children 6`] = `"<a></a>3<x></x><y></y><z></z><b></b>"`;

exports[`render function deep fragment: multiple changing children 7`] = `
Array [
  "foo",
  "bar",
  "bar",
  "bar",
  "bar",
]
`;

exports[`render function deep fragment: multiple changing children 8`] = `"<a></a>4<y></y><b></b>"`;

exports[`render function deep fragment: multiple changing children 9`] = `
Array [
  "foo",
  "bar",
  "bar",
  "bar",
  "bar",
  "bar",
]
`;

exports[`render function deep fragment: multiple changing children 10`] = `"<a></a>5<y></y><b></b>"`;

exports[`render function deep fragment: trigger hook 1`] = `
Array [
  "foo",
  "bar",
]
`;

exports[`render function deep fragment: trigger hook 2`] = `"1"`;

exports[`render function deep fragment: trigger hook 3`] = `
Array [
  "foo",
  "bar",
  "bar",
]
`;

exports[`render function deep fragment: trigger hook 4`] = `"2"`;

exports[`render function deep fragment: trigger hook 5`] = `
Array [
  "foo",
  "bar",
  "bar",
  "bar",
]
`;

exports[`render function deep fragment: trigger hook 6`] = `"3"`;

exports[`render function deep: trigger hook 1`] = `
Array [
  "foo",
  "bar",
]
`;

exports[`render function deep: trigger hook 2`] = `"<div><p>1</p></div>"`;

exports[`render function deep: trigger hook 3`] = `
Array [
  "foo",
  "bar",
  "bar",
]
`;

exports[`render function deep: trigger hook 4`] = `"<div><p>2</p></div>"`;

exports[`render function deep: trigger hook 5`] = `
Array [
  "foo",
  "bar",
  "bar",
  "bar",
]
`;

exports[`render function deep: trigger hook 6`] = `"<div><p>3</p></div>"`;

exports[`render function div then boolean 1`] = `"<div>1</div>"`;

exports[`render function div then boolean 2`] = `"<div><!----></div>"`;

exports[`render function div then boolean 3`] = `"<div><!----></div>"`;

exports[`render function div then boolean 4`] = `"<div><!----></div>"`;

exports[`render function div then nullish 1`] = `"<div>1</div>"`;

exports[`render function div then nullish 2`] = `"<div><!----></div>"`;

exports[`render function div then nullish 3`] = `"<div><!----></div>"`;

exports[`render function div then nullish 4`] = `"<div><!----></div>"`;

exports[`render function fragment: trigger hook 1`] = `"1"`;

exports[`render function fragment: trigger hook 2`] = `"2"`;

exports[`render function fragment: trigger hook 3`] = `"3"`;

exports[`render function single: fragment 1`] = `"1"`;

exports[`render function single: render 1`] = `"<p></p>"`;

exports[`render function single: trigger hook 1`] = `"<p>1</p>"`;

exports[`render function single: trigger hook 2`] = `"<p>2</p>"`;

exports[`render function single: trigger hook 3`] = `"<p>3</p>"`;

exports[`render single child 1`] = `"<p></p>"`;
